Info: Start Nativelink Simulation process

========= EDA Simulation Settings =====================

Sim Mode              :  Gate
Family                :  cycloneivgx
Quartus root          :  /opt/intelFPGA_lite/18.1/quartus/linux64/
Quartus sim root      :  /opt/intelFPGA_lite/18.1/quartus/eda/sim_lib
Simulation Tool       :  modelsim-altera
Simulation Language   :  verilog
Simulation Mode       :  GUI
Sim Output File       :  risc_7_1200mv_85c_slow.vo
Sim SDF File       :  risc_7_1200mv_85c_v_slow.sdo
Sim dir               :  simulation/modelsim

=======================================================

Info: Starting NativeLink simulation with ModelSim-Altera software
Sourced NativeLink script /opt/intelFPGA_lite/18.1/quartus/common/tcl/internal/nativelink/modelsim.tcl
Warning: File risc_run_msim_gate_verilog.do already exists - backing up current file as risc_run_msim_gate_verilog.do.bak4
Info: Spawning ModelSim-Altera Simulation software 
Info: NativeLink simulation flow was successful
